[2025-09-18 12:23:17] login try: user=admin, found=yes
[2025-09-18 12:46:34] login try: user=admin, found=yes
[2025-09-18 12:47:25] login try: user=admin, found=yes
[2025-09-18 13:01:05] login try: user=admin, found=yes
[2025-09-18 13:10:41] login try: user=admin, found=yes
[2025-09-18 13:16:04] login try: user=admin, found=yes
[2025-09-18 13:23:23] login try: user=admin, found=yes
[2025-09-18 13:38:30] login try: user=admin, found=yes
[2025-09-18 13:39:11] login try: user=admin, found=yes
[2025-09-18 15:08:44] login try: user=admin, found=yes
[2025-09-18 15:12:14] login try: user=admin, found=yes
[2025-09-18 15:23:03] login try: user=admin, found=yes
[2025-09-18 15:57:27] login try: user=admin, found=yes
[2025-09-18 15:58:40] login try: user=admin, found=yes
[2025-09-18 16:10:44] login check user=admin3 found=no status=<na> hashPrefix=<none>
[2025-09-18 16:18:34] login check user=admin4 found=no status=<na> hashPrefix=<none>
[2025-09-18 16:26:13] login check user=admin5 found=no status=<na> hashPrefix=<none>
[2025-09-18 16:28:47] login check user=admin6 found=no status=<na> hashPrefix=<none>
[2025-09-18 16:46:22] login check user=admin7 found=no status=<na> hashPrefix=<none>
[2025-09-18 16:58:34] register ok id=2 username=admin8 status=active
[2025-09-18 16:58:44] login check user=admin8 found=yes status=active hashPrefix=$2y$
[2025-09-18 16:58:45] login verify user=admin8 result=ok
[2025-09-18 16:58:45] login try: user=admin8, found=yes
[2025-09-18 17:48:33] login check user=admin2 found=no status=<na> hashPrefix=<none>
[2025-09-18 17:48:52] register ok id=3 username=admin2 status=active
[2025-09-18 17:49:01] login check user=admin2 found=yes status=active hashPrefix=$2y$
[2025-09-18 17:49:01] login verify user=admin2 result=ok
[2025-09-18 17:49:01] login try: user=admin2, found=yes
[2025-09-18 17:59:30] register ok id=4 username=admin3 status=active
[2025-09-18 17:59:36] login check user=admin3 found=yes status=active hashPrefix=$2y$
[2025-09-18 17:59:36] login verify user=admin3 result=ok
[2025-09-18 17:59:36] login try: user=admin3, found=yes
[2025-09-18 18:10:01] login check user=admin found=yes status=active hashPrefix=$2y$
[2025-09-18 18:10:01] login verify user=admin result=fail
[2025-09-18 18:10:20] login check user=admin found=yes status=active hashPrefix=$2y$
[2025-09-18 18:10:20] login verify user=admin result=ok
[2025-09-18 18:10:20] login try: user=admin, found=yes
[2025-09-18 18:25:35] login check user=admin3 found=yes status=active hashPrefix=$2y$
[2025-09-18 18:25:35] login verify user=admin3 result=ok
[2025-09-18 18:25:35] login try: user=admin3, found=yes
[2025-09-18 20:17:16] login check user=admin found=yes status=active hashPrefix=$2y$
[2025-09-18 20:17:16] login verify user=admin result=ok
[2025-09-18 20:17:16] login try: user=admin, found=yes
[2025-09-18 22:24:10] login check user=admin2 found=yes status=active hashPrefix=$2y$
[2025-09-18 22:24:10] login verify user=admin2 result=ok
[2025-09-18 22:24:10] login try: user=admin2, found=yes
[2025-09-18 22:27:47] login check user=admin found=yes status=active hashPrefix=$2y$
[2025-09-18 22:27:47] login verify user=admin result=ok
[2025-09-18 22:27:47] login try: user=admin, found=yes
[2025-09-18 23:05:30] login check user=admin found=yes status=active hashPrefix=$2y$
[2025-09-18 23:05:30] login verify user=admin result=ok
[2025-09-18 23:05:30] login try: user=admin, found=yes
[2025-09-19 12:28:38] login check user=admin found=yes status=active hashPrefix=$2y$
[2025-09-19 12:28:38] login verify user=admin result=ok
[2025-09-19 12:28:38] login try: user=admin, found=yes
[2025-09-19 14:46:05] login check user=admin found=yes status=active hashPrefix=$2y$
[2025-09-19 14:46:05] login verify user=admin result=fail
[2025-09-19 14:46:18] login check user=admin found=yes status=active hashPrefix=$2y$
[2025-09-19 14:46:18] login verify user=admin result=ok
[2025-09-19 14:46:18] login try: user=admin, found=yes
[2025-09-19 16:14:43] login check user=admin2 found=yes status=active hashPrefix=$2y$
[2025-09-19 16:14:43] login verify user=admin2 result=ok
[2025-09-19 16:14:43] login try: user=admin2, found=yes
[2025-09-20 12:40:50] login check user=admin2 found=yes status=active hashPrefix=$2y$
[2025-09-20 12:40:50] login verify user=admin2 result=ok
[2025-09-20 12:40:50] login try: user=admin2, found=yes
[2025-09-20 13:13:38] login check user=admin2 found=yes status=active hashPrefix=$2y$
[2025-09-20 13:13:38] login verify user=admin2 result=ok
[2025-09-20 13:13:38] login try: user=admin2, found=yes
[2025-09-20 13:15:02] login check user=admin found=yes status=active hashPrefix=$2y$
[2025-09-20 13:15:02] login verify user=admin result=ok
[2025-09-20 13:15:02] login try: user=admin, found=yes
[2025-09-20 13:15:24] register ok id=5 username=admin10 status=active
[2025-09-20 13:15:31] login check user=admin10 found=yes status=active hashPrefix=$2y$
[2025-09-20 13:15:31] login verify user=admin10 result=ok
[2025-09-20 13:15:31] login try: user=admin10, found=yes
[2025-09-20 13:18:42] login check user=admin10 found=yes status=active hashPrefix=$2y$
[2025-09-20 13:18:42] login verify user=admin10 result=ok
[2025-09-20 13:18:42] login try: user=admin10, found=yes
[2025-09-20 13:19:11] login check user=admin2 found=yes status=active hashPrefix=$2y$
[2025-09-20 13:19:11] login verify user=admin2 result=ok
[2025-09-20 13:19:11] login try: user=admin2, found=yes
[2025-09-20 14:15:49] login check user=admin2 found=yes status=active hashPrefix=$2y$
[2025-09-20 14:15:49] login verify user=admin2 result=ok
[2025-09-20 14:15:49] login try: user=admin2, found=yes
[2025-09-20 14:16:15] login check user=admin found=yes status=active hashPrefix=$2y$
[2025-09-20 14:16:15] login verify user=admin result=ok
[2025-09-20 14:16:15] login try: user=admin, found=yes
